// Vitest Snapshot v1, https://vitest.dev/guide/snapshot.html

exports[`cloudscape-website generator > should configure TypeScript correctly > tsconfig.json 1`] = `
{
  "compilerOptions": {
    "module": "Preserve",
    "moduleResolution": "Bundler",
  },
  "extends": "../tsconfig.base.json",
  "files": [],
  "include": [],
  "references": [
    {
      "path": "./tsconfig.app.json",
    },
    {
      "path": "./tsconfig.spec.json",
    },
  ],
}
`;

exports[`cloudscape-website generator > should configure vite correctly > vite.config.ts 1`] = `
"import tsconfigPaths from 'vite-tsconfig-paths';
import { resolve } from 'path';
import { tanstackRouter } from '@tanstack/router-plugin/vite';
/// <reference types='vitest' />
import { defineConfig } from 'vite';
import react from '@vitejs/plugin-react';

export default defineConfig(() => ({
  define: {
    global: {},
  },
  root: __dirname,
  cacheDir: '../node_modules/.vite/test-app',
  server: {
    port: 4200,
    host: 'localhost',
  },
  preview: {
    port: 4300,
    host: 'localhost',
  },
  plugins: [
    tanstackRouter({
      routesDirectory: resolve(__dirname, 'src/routes'),
      generatedRouteTree: resolve(__dirname, 'src/routeTree.gen.ts'),
    }),
    react(),
    tsconfigPaths(),
  ],
  build: {
    outDir: '../dist/test-app',
    emptyOutDir: true,
    reportCompressedSize: true,
    commonjsOptions: {
      transformMixedEsModules: true,
    },
  },
  test: {
    watch: false,
    globals: true,
    environment: 'jsdom',
    include: ['{src,tests}/**/*.{test,spec}.{js,mjs,cjs,ts,mts,cts,jsx,tsx}'],
    reporters: ['default'],
    coverage: {
      reportsDirectory: './test-output/vitest/coverage',
      provider: 'v8' as const,
    },
    passWithNoTests: true,
  },
}));
"
`;

exports[`cloudscape-website generator > should generate base files and structure > app-layout.tsx 1`] = `
"import * as React from 'react';
import { createContext, useCallback, useEffect, useState } from 'react';
import { NavItems } from './navitems';
import Config from '../../config';

import {
  BreadcrumbGroup,
  BreadcrumbGroupProps,
  SideNavigation,
  TopNavigation,
} from '@cloudscape-design/components';
import CloudscapeAppLayout, {
  AppLayoutProps,
} from '@cloudscape-design/components/app-layout';
import { matchByPath, useLocation, useNavigate } from '@tanstack/react-router';
import { Outlet } from '@tanstack/react-router';

const getBreadcrumbs = (
  pathName: string,
  search: string,
  defaultBreadcrumb: string,
  availableRoutes?: string[],
) => {
  const segments = [
    defaultBreadcrumb,
    ...pathName.split('/').filter((segment) => segment !== ''),
  ];

  return segments.map((segment, i) => {
    const href =
      i === 0
        ? '/'
        : \`/\${segments
            .slice(1, i + 1)
            .join('/')
            .replace('//', '/')}\`;

    const matched =
      !availableRoutes || availableRoutes.find((r) => matchByPath(r, href, {}));

    return {
      href: matched ? \`\${href}\${search}\` : '#',
      text: segment,
    };
  });
};

export interface AppLayoutContext {
  appLayoutProps: AppLayoutProps;
  setAppLayoutProps: (props: AppLayoutProps) => void;
  displayHelpPanel: (helpContent: React.ReactNode) => void;
}

/**
 * Context for updating/retrieving the AppLayout.
 */
export const AppLayoutContext = createContext({
  appLayoutProps: {},
  // eslint-disable-next-line @typescript-eslint/no-empty-function
  setAppLayoutProps: (_: AppLayoutProps) => {},
  // eslint-disable-next-line @typescript-eslint/no-empty-function
  displayHelpPanel: (_: React.ReactNode) => {},
});

/**
 * Defines the App layout and contains logic for routing.
 */
const AppLayout: React.FC = () => {
  const navigate = useNavigate();
  const appLayout = React.useRef<AppLayoutProps.Ref>(null);
  const [activeBreadcrumbs, setActiveBreadcrumbs] = useState<
    BreadcrumbGroupProps.Item[]
  >([{ text: '/', href: '/' }]);
  const [appLayoutProps, setAppLayoutProps] = useState<AppLayoutProps>({});
  const { pathname, search } = useLocation();

  const setAppLayoutPropsSafe = useCallback(
    (props: AppLayoutProps) => {
      JSON.stringify(appLayoutProps) !== JSON.stringify(props) &&
        setAppLayoutProps(props);
    },
    [appLayoutProps],
  );

  useEffect(() => {
    const breadcrumbs = getBreadcrumbs(
      pathname,
      Object.entries(search).reduce((p, [k, v]) => p + \`\${k}=\${v}\`, ''),
      '/',
    );
    setActiveBreadcrumbs(breadcrumbs);
  }, [pathname, search]);

  const onNavigate = useCallback(
    (e: CustomEvent<{ href: string; external?: boolean }>) => {
      if (!e.detail.external) {
        e.preventDefault();
        setAppLayoutPropsSafe({
          contentType: undefined,
        });
        navigate({ to: e.detail.href });
      }
    },
    [navigate, setAppLayoutPropsSafe],
  );

  return (
    <AppLayoutContext.Provider
      value={{
        appLayoutProps,
        setAppLayoutProps: setAppLayoutPropsSafe,
        displayHelpPanel: (helpContent: React.ReactNode) => {
          setAppLayoutPropsSafe({ tools: helpContent, toolsHide: false });
          appLayout.current?.openTools();
        },
      }}
    >
      <TopNavigation
        identity={{
          href: '/',
          title: Config.applicationName,
          logo: {
            src: Config.logo,
          },
        }}
      />
      <CloudscapeAppLayout
        ref={appLayout}
        breadcrumbs={
          <BreadcrumbGroup onFollow={onNavigate} items={activeBreadcrumbs} />
        }
        toolsHide
        navigation={
          <SideNavigation
            header={{ text: Config.applicationName, href: '/' }}
            activeHref={pathname}
            onFollow={onNavigate}
            items={NavItems}
          />
        }
        content={<Outlet />}
        {...appLayoutProps}
      />
    </AppLayoutContext.Provider>
  );
};

export default AppLayout;
"
`;

exports[`cloudscape-website generator > should generate base files and structure > config.ts 1`] = `
"export default {
  applicationName: 'test-app',
  logo: 'data:image/svg+xml;base64,PCFET0NUWVBFIHN2ZyBQVUJMSUMgIi0vL1czQy8vRFREIFNWRyAxLjEvL0VOIiAiaHR0cDovL3d3dy53My5vcmcvR3JhcGhpY3MvU1ZHLzEuMS9EVEQvc3ZnMTEuZHRkIj4KDTwhLS0gVXBsb2FkZWQgdG86IFNWRyBSZXBvLCB3d3cuc3ZncmVwby5jb20sIFRyYW5zZm9ybWVkIGJ5OiBTVkcgUmVwbyBNaXhlciBUb29scyAtLT4KPHN2ZyBmaWxsPSIjMjQ4YmFlIiB3aWR0aD0iODAwcHgiIGhlaWdodD0iODAwcHgiIHZpZXdCb3g9IjAgMCA1MTIgNTEyIiB4bWxucz0iaHR0cDovL3d3dy53My5vcmcvMjAwMC9zdmciIHN0cm9rZT0iIzI0OGJhZSI+Cg08ZyBpZD0iU1ZHUmVwb19iZ0NhcnJpZXIiIHN0cm9rZS13aWR0aD0iMCIvPgoNPGcgaWQ9IlNWR1JlcG9fdHJhY2VyQ2FycmllciIgc3Ryb2tlLWxpbmVjYXA9InJvdW5kIiBzdHJva2UtbGluZWpvaW49InJvdW5kIi8+Cg08ZyBpZD0iU1ZHUmVwb19pY29uQ2FycmllciI+Cg08dGl0bGU+aW9uaWNvbnMtdjVfbG9nb3M8L3RpdGxlPgoNPHBhdGggZD0iTTQxMC42NiwxODAuNzJoMHEtNy42Ny0yLjYyLTE1LjQ1LTQuODgsMS4yOS01LjI1LDIuMzgtMTAuNTZjMTEuNy01Ni45LDQuMDUtMTAyLjc0LTIyLjA2LTExNy44My0yNS0xNC40OC02NiwuNjEtMTA3LjM2LDM2LjY5cS02LjEsNS4zNC0xMS45NSwxMS0zLjktMy43Ni04LTcuMzZjLTQzLjM1LTM4LjU4LTg2LjgtNTQuODMtMTEyLjg4LTM5LjY5LTI1LDE0LjUxLTMyLjQzLDU3LjYtMjEuOSwxMTEuNTNxMS41OCw4LDMuNTUsMTUuOTNjLTYuMTUsMS43NS0xMi4wOSwzLjYyLTE3Ljc3LDUuNkM0OC40NiwxOTguOSwxNiwyMjYuNzMsMTYsMjU1LjU5YzAsMjkuODIsMzQuODQsNTkuNzIsODcuNzcsNzcuODVxNi40NCwyLjE5LDEzLDQuMDdRMTE0LjY0LDM0NiwxMTMsMzU0LjY4Yy0xMCw1My0yLjIsOTUuMDcsMjIuNzUsMTA5LjQ5LDI1Ljc3LDE0Ljg5LDY5LS40MSwxMTEuMTQtMzcuMzFxNS00LjM4LDEwLTkuMjUsNi4zMiw2LjExLDEzLDExLjg2YzQwLjgsMzUuMTgsODEuMDksNDkuMzksMTA2LDM0LjkzLDI1Ljc1LTE0Ljk0LDM0LjEyLTYwLjE0LDIzLjI1LTExNS4xM3EtMS4yNS02LjMtMi44OC0xMi44Niw0LjU2LTEuMzUsOC45My0yLjc5YzU1LTE4LjI3LDkwLjgzLTQ3LjgxLDkwLjgzLTc4QzQ5NiwyMjYuNjIsNDYyLjUsMTk4LjYxLDQxMC42NiwxODAuNzJabS0xMjktODEuMDhjMzUuNDMtMzAuOTEsNjguNTUtNDMuMTEsODMuNjUtMzQuMzloMGMxNi4wNyw5LjI5LDIyLjMyLDQ2Ljc1LDEyLjIyLDk1Ljg4cS0xLDQuOC0yLjE2LDkuNTdhNDg3LjgzLDQ4Ny44MywwLDAsMC02NC4xOC0xMC4xNiw0ODEuMjcsNDgxLjI3LDAsMCwwLTQwLjU3LTUwLjc1UTI3NiwxMDQuNTcsMjgxLjY0LDk5LjY0Wk0xNTcuNzMsMjgwLjI1cTYuNTEsMTIuNiwxMy42MSwyNC44OSw3LjIzLDEyLjU0LDE1LjA3LDI0LjcxYTQzNS4yOCw0MzUuMjgsMCwwLDEtNDQuMjQtNy4xM0MxNDYuNDEsMzA5LDE1MS42MywyOTQuNzUsMTU3LjczLDI4MC4yNVptMC00OC4zM2MtNi0xNC4xOS0xMS4wOC0yOC4xNS0xNS4yNS00MS42MywxMy43LTMuMDcsMjguMy01LjU4LDQzLjUyLTcuNDhxLTcuNjUsMTEuOTQtMTQuNzIsMjQuMjNUMTU3LjcsMjMxLjkyWm0xMC45LDI0LjE3cTkuNDgtMTkuNzcsMjAuNDItMzguNzhoMHExMC45My0xOSwyMy4yNy0zNy4xM2MxNC4yOC0xLjA4LDI4LjkyLTEuNjUsNDMuNzEtMS42NXMyOS41Mi41Nyw0My43OSwxLjY2cTEyLjIxLDE4LjA5LDIzLjEzLDM3dDIwLjY5LDM4LjZRMzM0LDI3NS42MywzMjMsMjk0LjczaDBxLTEwLjkxLDE5LTIzLDM3LjI0Yy0xNC4yNSwxLTI5LDEuNTUtNDQsMS41NXMtMjkuNDctLjQ3LTQzLjQ2LTEuMzhxLTEyLjQzLTE4LjE5LTIzLjQ2LTM3LjI5VDE2OC42LDI1Ni4wOVpNMzQwLjc1LDMwNXE3LjI1LTEyLjU4LDEzLjkyLTI1LjQ5aDBhNDQwLjQxLDQ0MC40MSwwLDAsMSwxNi4xMiw0Mi4zMkE0MzQuNDQsNDM0LjQ0LDAsMCwxLDMyNiwzMjkuNDhRMzMzLjYyLDMxNy4zOSwzNDAuNzUsMzA1Wm0xMy43Mi03My4wN3EtNi42NC0xMi42NS0xMy44MS0yNWgwcS03LTEyLjE4LTE0LjU5LTI0LjA2YzE1LjMxLDEuOTQsMzAsNC41Miw0My43Nyw3LjY3QTQzOS44OSw0MzkuODksMCwwLDEsMzU0LjQ3LDIzMS45M1pNMjU2LjIzLDEyNC40OGgwYTQzOS43NSw0MzkuNzUsMCwwLDEsMjguMjUsMzQuMThxLTI4LjM1LTEuMzUtNTYuNzQsMEMyMzcuMDcsMTQ2LjMyLDI0Ni42MiwxMzQuODcsMjU2LjIzLDEyNC40OFpNMTQ1LjY2LDY1Ljg2YzE2LjA2LTkuMzIsNTEuNTcsNCw4OSwzNy4yNywyLjM5LDIuMTMsNC44LDQuMzYsNy4yLDYuNjdBNDkxLjM3LDQ5MS4zNywwLDAsMCwyMDEsMTYwLjUxYTQ5OS4xMiw0OTkuMTIsMCwwLDAtNjQuMDYsMTBxLTEuODMtNy4zNi0zLjMtMTQuODJoMEMxMjQuNTksMTA5LjQ2LDEzMC41OCw3NC42MSwxNDUuNjYsNjUuODZaTTEyMi4yNSwzMTcuNzFxLTYtMS43MS0xMS44NS0zLjcxYy0yMy40LTgtNDIuNzMtMTguNDQtNTYtMjkuODFDNDIuNTIsMjc0LDM2LjUsMjYzLjgzLDM2LjUsMjU1LjU5YzAtMTcuNTEsMjYuMDYtMzkuODUsNjkuNTItNTVxOC4xOS0yLjg1LDE2LjUyLTUuMjFhNDkzLjU0LDQ5My41NCwwLDAsMCwyMy40LDYwLjc1QTUwMi40Niw1MDIuNDYsMCwwLDAsMTIyLjI1LDMxNy43MVptMTExLjEzLDkzLjY3Yy0xOC42MywxNi4zMi0zNy4yOSwyNy44OS01My43NCwzMy43MmgwYy0xNC43OCw1LjIzLTI2LjU1LDUuMzgtMzMuNjYsMS4yNy0xNS4xNC04Ljc1LTIxLjQ0LTQyLjU0LTEyLjg1LTg3Ljg2cTEuNTMtOCwzLjUtMTZhNDgwLjg1LDQ4MC44NSwwLDAsMCw2NC42OSw5LjM5LDUwMS4yLDUwMS4yLDAsMCwwLDQxLjIsNTFDMjM5LjU0LDQwNS44MywyMzYuNDksNDA4LjY1LDIzMy4zOCw0MTEuMzhabTIzLjQyLTIzLjIyYy05LjcyLTEwLjUxLTE5LjQyLTIyLjE0LTI4Ljg4LTM0LjY0cTEzLjc5LjU0LDI4LjA4LjU0YzkuNzgsMCwxOS40Ni0uMjEsMjktLjY0QTQzOS4zMyw0MzkuMzMsMCwwLDEsMjU2LjgsMzg4LjE2Wm0xMjQuNTIsMjguNTljLTIuODYsMTUuNDQtOC42MSwyNS43NC0xNS43MiwyOS44Ni0xNS4xMyw4Ljc4LTQ3LjQ4LTIuNjMtODIuMzYtMzIuNzItNC0zLjQ0LTgtNy4xMy0xMi4wNy0xMWE0ODQuNTQsNDg0LjU0LDAsMCwwLDQwLjIzLTUxLjIsNDc3Ljg0LDQ3Ny44NCwwLDAsMCw2NS0xMC4wNXExLjQ3LDUuOTQsMi42LDExLjY0aDBDMzgzLjgxLDM3Ny41OCwzODQuNSwzOTkuNTYsMzgxLjMyLDQxNi43NVptMTcuNC0xMDIuNjRoMGMtMi42Mi44Ny01LjMyLDEuNzEtOC4wNiwyLjUzYTQ4My4yNiw0ODMuMjYsMCwwLDAtMjQuMzEtNjAuOTQsNDgxLjUyLDQ4MS41MiwwLDAsMCwyMy4zNi02MC4wNmM0LjkxLDEuNDMsOS42OCwyLjkzLDE0LjI3LDQuNTIsNDQuNDIsMTUuMzIsNzEuNTIsMzgsNzEuNTIsNTUuNDNDNDc1LjUsMjc0LjE5LDQ0Ni4yMywyOTguMzMsMzk4LjcyLDMxNC4xMVoiLz4KDTxwYXRoIGQ9Ik0yNTYsMjk4LjU1YTQzLDQzLDAsMSwwLTQyLjg2LTQzQTQyLjkxLDQyLjkxLDAsMCwwLDI1NiwyOTguNTVaIi8+Cg08L2c+Cg08L3N2Zz4=',
};
"
`;

exports[`cloudscape-website generator > should generate base files and structure > main.tsx 1`] = `
"import React from 'react';
import { createRoot } from 'react-dom/client';
import { I18nProvider } from '@cloudscape-design/components/i18n';
import messages from '@cloudscape-design/components/i18n/messages/all.en';
import { RouterProvider, createRouter } from '@tanstack/react-router';
import { routeTree } from './routeTree.gen';

import '@cloudscape-design/global-styles/index.css';

const router = createRouter({ routeTree });

// Register the router instance for type safety
declare module '@tanstack/react-router' {
  interface Register {
    router: typeof router;
  }
}

const App = () => {
  return <RouterProvider router={router} />;
};

const root = document.getElementById('root');
root &&
  createRoot(root).render(
    <React.StrictMode>
      <I18nProvider locale="en" messages={[messages]}>
        <App />
      </I18nProvider>
    </React.StrictMode>,
  );
"
`;

exports[`cloudscape-website generator > should generate base files and structure > welcome-index.tsx 1`] = `
"import {
  ContentLayout,
  Header,
  SpaceBetween,
  Container,
} from '@cloudscape-design/components';
import { createFileRoute } from '@tanstack/react-router';

export const Route = createFileRoute('/welcome/')({
  component: RouteComponent,
});

function RouteComponent() {
  return (
    <ContentLayout header={<Header>Welcome</Header>}>
      <SpaceBetween size="l">
        <Container>Welcome to your new Cloudscape website!</Container>
      </SpaceBetween>
    </ContentLayout>
  );
}
"
`;

exports[`cloudscape-website generator > should generate shared constructs > common/constructs-app-index.ts 1`] = `
"export * from './test-app.js';
"
`;

exports[`cloudscape-website generator > should generate shared constructs > common/constructs-core-index.ts 1`] = `
"export * from './static-website.js';
export * from './app.js';
export * from './runtime-config.js';
"
`;

exports[`cloudscape-website generator > should generate shared constructs > common/constructs-core-static-website.ts 1`] = `
"import { CfnJson, CfnOutput, RemovalPolicy, Stack, Token } from 'aws-cdk-lib';
import { Distribution, ViewerProtocolPolicy } from 'aws-cdk-lib/aws-cloudfront';
import { S3BucketOrigin } from 'aws-cdk-lib/aws-cloudfront-origins';
import {
  BlockPublicAccess,
  Bucket,
  BucketEncryption,
  IBucket,
  ObjectOwnership,
} from 'aws-cdk-lib/aws-s3';
import { BucketDeployment, Source } from 'aws-cdk-lib/aws-s3-deployment';
import { Construct } from 'constructs';
import { RuntimeConfig } from './runtime-config.js';
import { Key } from 'aws-cdk-lib/aws-kms';
import { CfnWebACL } from 'aws-cdk-lib/aws-wafv2';
const DEFAULT_RUNTIME_CONFIG_FILENAME = 'runtime-config.json';

export interface StaticWebsiteProps {
  readonly websiteFilePath: string;
}

/**
 * Deploys a Static Website using by default a private S3 bucket as an origin and Cloudfront as the entrypoint.
 *
 * This construct configures a webAcl containing rules that are generally applicable to web applications. This
 * provides protection against exploitation of a wide range of vulnerabilities, including some of the high risk
 * and commonly occurring vulnerabilities described in OWASP publications such as OWASP Top 10.
 *
 */
export class StaticWebsite extends Construct {
  public readonly websiteBucket: IBucket;
  public readonly cloudFrontDistribution: Distribution;
  public readonly bucketDeployment: BucketDeployment;

  constructor(
    scope: Construct,
    id: string,
    { websiteFilePath }: StaticWebsiteProps,
  ) {
    super(scope, id);
    this.node.setContext(
      '@aws-cdk/aws-s3:serverAccessLogsUseBucketPolicy',
      true,
    );

    const websiteKey = new Key(this, 'WebsiteKey', {
      enableKeyRotation: true,
    });

    const accessLogsBucket = new Bucket(this, 'AccessLogsBucket', {
      versioned: false,
      enforceSSL: true,
      autoDeleteObjects: true,
      removalPolicy: RemovalPolicy.DESTROY,
      encryption: BucketEncryption.KMS,
      encryptionKey: websiteKey,
      objectOwnership: ObjectOwnership.OBJECT_WRITER,
      publicReadAccess: false,
      blockPublicAccess: BlockPublicAccess.BLOCK_ALL,
    });
    // S3 Bucket to hold website files
    this.websiteBucket = new Bucket(this, 'WebsiteBucket', {
      versioned: true,
      enforceSSL: true,
      autoDeleteObjects: true,
      removalPolicy: RemovalPolicy.DESTROY,
      encryption: BucketEncryption.KMS,
      encryptionKey: websiteKey,
      objectOwnership: ObjectOwnership.BUCKET_OWNER_ENFORCED,
      publicReadAccess: false,
      blockPublicAccess: BlockPublicAccess.BLOCK_ALL,
      serverAccessLogsPrefix: 'website-access-logs',
      serverAccessLogsBucket: accessLogsBucket,
    });
    // Web ACL
    const wafStack = new CloudfrontWebAcl(this, 'waf');

    // Cloudfront Distribution
    const logBucket = new Bucket(this, 'DistributionLogBucket', {
      enforceSSL: true,
      autoDeleteObjects: true,
      removalPolicy: RemovalPolicy.DESTROY,
      encryption: BucketEncryption.KMS,
      encryptionKey: websiteKey,
      objectOwnership: ObjectOwnership.BUCKET_OWNER_PREFERRED,
      publicReadAccess: false,
      blockPublicAccess: BlockPublicAccess.BLOCK_ALL,
      serverAccessLogsPrefix: 'distribution-access-logs',
      serverAccessLogsBucket: accessLogsBucket,
    });
    const defaultRootObject = 'index.html';
    this.cloudFrontDistribution = new Distribution(
      this,
      'CloudfrontDistribution',
      {
        webAclId: wafStack.wafArn,
        enableLogging: true,
        logBucket: logBucket,
        defaultBehavior: {
          origin: S3BucketOrigin.withOriginAccessControl(this.websiteBucket),
          viewerProtocolPolicy: ViewerProtocolPolicy.REDIRECT_TO_HTTPS,
        },
        defaultRootObject,
        errorResponses: [
          {
            httpStatus: 404, // We need to redirect "key not found errors" to index.html for single page apps
            responseHttpStatus: 200,
            responsePagePath: \`/\${defaultRootObject}\`,
          },
          {
            httpStatus: 403, // We need to redirect reloads from paths (e.g. /foo/bar) to index.html for single page apps
            responseHttpStatus: 200,
            responsePagePath: \`/\${defaultRootObject}\`,
          },
        ],
      },
    );
    // Deploy Website
    this.bucketDeployment = new BucketDeployment(this, 'WebsiteDeployment', {
      sources: [
        Source.asset(websiteFilePath),
        Source.jsonData(
          DEFAULT_RUNTIME_CONFIG_FILENAME,
          this.resolveTokens(RuntimeConfig.ensure(this).config),
        ),
      ],
      destinationBucket: this.websiteBucket,
      // Files in the distribution's edge caches will be invalidated after files are uploaded to the destination bucket.
      distribution: this.cloudFrontDistribution,
      memoryLimit: 1024,
    });
    new CfnOutput(this, 'DistributionDomainName', {
      value: this.cloudFrontDistribution.domainName,
    });
    new CfnOutput(this, 'WebsiteBucketName', {
      value: this.websiteBucket.bucketName,
    });
  }
  private resolveTokens = (payload: any) => {
    const _payload: Record<string, any> = {};
    Object.entries(payload).forEach(([key, value]) => {
      if (
        Token.isUnresolved(value) ||
        (typeof value === 'string' && value.endsWith('}}'))
      ) {
        _payload[key] = new CfnJson(this, \`ResolveToken-\${key}\`, {
          value,
        }).value;
      } else if (typeof value === 'object') {
        _payload[key] = this.resolveTokens(value);
      } else if (Array.isArray(value)) {
        _payload[key] = value.map((v) => this.resolveTokens(v));
      } else {
        _payload[key] = value;
      }
    });
    return _payload;
  };
}

export class CloudfrontWebAcl extends Stack {
  public readonly wafArn;
  constructor(scope: Construct, id: string) {
    super(scope, id, {
      env: {
        region: 'us-east-1',
        account: Stack.of(scope).account,
      },
      crossRegionReferences: true,
    });

    this.wafArn = new CfnWebACL(this, 'WebAcl', {
      defaultAction: { allow: {} },
      scope: 'CLOUDFRONT',
      visibilityConfig: {
        cloudWatchMetricsEnabled: true,
        metricName: id,
        sampledRequestsEnabled: true,
      },
      rules: [
        {
          name: 'CRSRule',
          priority: 0,
          statement: {
            managedRuleGroupStatement: {
              name: 'AWSManagedRulesCommonRuleSet',
              vendorName: 'AWS',
            },
          },
          visibilityConfig: {
            cloudWatchMetricsEnabled: true,
            metricName: 'MetricForWebACLCDK-CRS',
            sampledRequestsEnabled: true,
          },
          overrideAction: {
            none: {},
          },
        },
      ],
    }).attrArn;
  }
}
"
`;

exports[`cloudscape-website generator > should generate shared constructs > test-app.ts 1`] = `
"import * as url from 'url';
import { Construct } from 'constructs';
import { StaticWebsite } from '../../core/index.js';

export class TestApp extends StaticWebsite {
  constructor(scope: Construct, id: string) {
    super(scope, id, {
      websiteFilePath: url.fileURLToPath(
        new URL('../../../../../../dist/test-app/bundle', import.meta.url),
      ),
    });
  }
}
"
`;

exports[`cloudscape-website generator > should handle custom directory option > custom-dir-main.tsx 1`] = `
"import React from 'react';
import { createRoot } from 'react-dom/client';
import { I18nProvider } from '@cloudscape-design/components/i18n';
import messages from '@cloudscape-design/components/i18n/messages/all.en';
import { RouterProvider, createRouter } from '@tanstack/react-router';
import { routeTree } from './routeTree.gen';

import '@cloudscape-design/global-styles/index.css';

const router = createRouter({ routeTree });

// Register the router instance for type safety
declare module '@tanstack/react-router' {
  interface Register {
    router: typeof router;
  }
}

const App = () => {
  return <RouterProvider router={router} />;
};

const root = document.getElementById('root');
root &&
  createRoot(root).render(
    <React.StrictMode>
      <I18nProvider locale="en" messages={[messages]}>
        <App />
      </I18nProvider>
    </React.StrictMode>,
  );
"
`;

exports[`cloudscape-website generator > should handle npm scope prefix correctly > scoped-dependencies 1`] = `
{
  "@cloudscape-design/board-components": "^3.0.94",
  "@cloudscape-design/components": "^3.0.928",
  "@cloudscape-design/global-styles": "^1.0.38",
  "@tanstack/react-router": "^1.121.16",
  "aws-cdk-lib": "^2.200.0",
  "constructs": "^10.4.2",
  "react": "19.0.0",
  "react-dom": "19.0.0",
}
`;
